// Jest Snapshot v1, https://goo.gl/fbAQLP

exports[`expect hasError state to be true if componentDidCatch is run 1`] = `ShallowWrapper {}`;

exports[`expect to render ErrorBoundary component 1`] = `ShallowWrapper {}`;
